Device: NVIDIA H100 80GB HBM3
SMs: 132, CC: 9.0

==============================================================================
KERNEL LAUNCH OVERHEAD (trivial fill_)
==============================================================================
minimal-kernel round-trip latency = 12.0 us/call
(this is the fixed cost mixed into every measured kernel time;
 subtract it to isolate the true kernel execution time for small shapes)

==============================================================================
RMSNORM FWD  (mem-bound: floor = HBM BW)
==============================================================================
shape          dtype       time(us)         GB/s     %BW AI(flop/B)
(128, 512)     torch.float32     18.1         29.0    0.9%       0.25
(128, 512)     torch.bfloat16     18.1         14.5    0.4%       0.50
(128, 512)     torch.float16     17.9         14.7    0.4%       0.50
(256, 512)     torch.float32     18.0         58.4    1.7%       0.25
(256, 512)     torch.bfloat16     17.8         29.5    0.9%       0.50
(256, 512)     torch.float16     17.9         29.4    0.9%       0.50
(64, 1024)     torch.float32     17.8         29.7    0.9%       0.25
(64, 1024)     torch.bfloat16     17.8         14.9    0.4%       0.50
(64, 1024)     torch.float16     18.0         14.7    0.4%       0.50
(128, 1024)    torch.float32     17.9         58.8    1.8%       0.25
(128, 1024)    torch.bfloat16     17.9         29.4    0.9%       0.50
(128, 1024)    torch.float16     17.9         29.4    0.9%       0.50
(512, 512)     torch.float32     18.0        116.7    3.5%       0.25
(512, 512)     torch.bfloat16     17.9         58.7    1.8%       0.50
(512, 512)     torch.float16     18.0         58.2    1.7%       0.50
(1024, 512)    torch.float32     18.0        233.3    7.0%       0.25
(1024, 512)    torch.bfloat16     18.1        116.0    3.5%       0.50
(1024, 512)    torch.float16     18.0        116.9    3.5%       0.50
(1024, 1024)   torch.float32     17.8        470.9   14.1%       0.25
(1024, 1024)   torch.bfloat16     18.0        233.3    7.0%       0.50
(1024, 1024)   torch.float16     17.9        234.2    7.0%       0.50
(1024, 2048)   torch.float32     18.5        909.1   27.1%       0.25
(1024, 2048)   torch.bfloat16     17.9        468.3   14.0%       0.50
(1024, 2048)   torch.float16     18.1        462.6   13.8%       0.50
(2048, 1024)   torch.float32     18.4        912.0   27.2%       0.25
(2048, 1024)   torch.bfloat16     18.1        464.1   13.9%       0.50
(2048, 1024)   torch.float16     18.0        466.6   13.9%       0.50
(2048, 2048)   torch.float32     19.4       1730.7   51.7%       0.25
(2048, 2048)   torch.bfloat16     18.4        913.6   27.3%       0.50
(2048, 2048)   torch.float16     18.5        905.7   27.0%       0.50
(4096, 2048)   torch.float32     35.1       1910.2   57.0%       0.25
(4096, 2048)   torch.bfloat16     19.5       1722.0   51.4%       0.50
(4096, 2048)   torch.float16     19.4       1733.4   51.7%       0.50
(4096, 4096)   torch.float32     60.6       2214.8   66.1%       0.25
(4096, 4096)   torch.bfloat16     36.9       1820.7   54.3%       0.50
(4096, 4096)   torch.float16     36.8       1825.4   54.5%       0.50
(8192, 1024)   torch.float32     34.8       1927.6   57.5%       0.25
(8192, 1024)   torch.bfloat16     19.3       1741.9   52.0%       0.50
(8192, 1024)   torch.float16     19.4       1733.3   51.7%       0.50
(8192, 2048)   torch.float32     60.2       2228.8   66.5%       0.25
(8192, 2048)   torch.bfloat16     36.5       1836.5   54.8%       0.50
(8192, 2048)   torch.float16     36.3       1847.8   55.2%       0.50
(8192, 4096)   torch.float32    107.0       2508.0   74.9%       0.25
(8192, 4096)   torch.bfloat16     62.4       2150.0   64.2%       0.50
(8192, 4096)   torch.float16     62.4       2152.2   64.2%       0.50
(16384, 2048)  torch.float32    106.7       2516.2   75.1%       0.25
(16384, 2048)  torch.bfloat16     62.2       2157.6   64.4%       0.50
(16384, 2048)  torch.float16     62.2       2156.5   64.4%       0.50
(32768, 2048)  torch.float32    198.1       2710.4   80.9%       0.25
(32768, 2048)  torch.bfloat16    109.7       2447.8   73.1%       0.50
(32768, 2048)  torch.float16    109.2       2459.3   73.4%       0.50
(4096, 7168)   torch.float32     99.5       2360.4   70.5%       0.25
(4096, 7168)   torch.bfloat16     99.6       1179.8   35.2%       0.50
(4096, 7168)   torch.float16     99.6       1179.5   35.2%       0.50
(8192, 7168)   torch.float32    180.7       2599.3   77.6%       0.25
(8192, 7168)   torch.bfloat16    183.3       1281.3   38.2%       0.50
(8192, 7168)   torch.float16    183.3       1281.3   38.2%       0.50
(16384, 4096)  torch.float32    200.5       2677.6   79.9%       0.25
(16384, 4096)  torch.bfloat16    111.4       2409.2   71.9%       0.50
(16384, 4096)  torch.float16    110.9       2419.6   72.2%       0.50
(16384, 7168)  torch.float32    343.7       2733.8   81.6%       0.25
(16384, 7168)  torch.bfloat16    346.5       1355.9   40.5%       0.50
(16384, 7168)  torch.float16    346.7       1355.0   40.4%       0.50

==============================================================================
RMSNORM BWD  (mem-bound: floor = HBM BW)
==============================================================================
shape          dtype       time(us)         GB/s     %BW AI(flop/B)
(128, 512)     torch.float32     21.2         37.4    1.1%       0.33
(128, 512)     torch.bfloat16     21.4         18.5    0.6%       0.66
(128, 512)     torch.float16     21.2         18.6    0.6%       0.66
(256, 512)     torch.float32     21.3         74.0    2.2%       0.33
(256, 512)     torch.bfloat16     21.3         37.0    1.1%       0.66
(256, 512)     torch.float16     21.7         36.3    1.1%       0.66
(64, 1024)     torch.float32     21.7         36.6    1.1%       0.33
(64, 1024)     torch.bfloat16     21.7         18.3    0.5%       0.66
(64, 1024)     torch.float16     21.7         18.4    0.5%       0.66
(128, 1024)    torch.float32     21.8         72.7    2.2%       0.33
(128, 1024)    torch.bfloat16     21.2         37.2    1.1%       0.66
(128, 1024)    torch.float16     21.2         37.3    1.1%       0.66
(512, 512)     torch.float32     21.4        147.0    4.4%       0.33
(512, 512)     torch.bfloat16     21.4         73.7    2.2%       0.66
(512, 512)     torch.float16     21.5         73.3    2.2%       0.66
(1024, 512)    torch.float32     21.3        295.1    8.8%       0.33
(1024, 512)    torch.bfloat16     21.3        147.7    4.4%       0.67
(1024, 512)    torch.float16     21.3        147.7    4.4%       0.67
(1024, 1024)   torch.float32     21.8        578.8   17.3%       0.33
(1024, 1024)   torch.bfloat16     21.5        293.0    8.7%       0.67
(1024, 1024)   torch.float16     21.8        289.5    8.6%       0.67
(1024, 2048)   torch.float32     23.0       1096.2   32.7%       0.33
(1024, 2048)   torch.bfloat16     22.7        555.9   16.6%       0.67
(1024, 2048)   torch.float16     22.4        562.3   16.8%       0.67
(2048, 1024)   torch.float32     21.8       1153.9   34.4%       0.33
(2048, 1024)   torch.bfloat16     21.5        584.8   17.5%       0.67
(2048, 1024)   torch.float16     21.5        585.7   17.5%       0.67
(2048, 2048)   torch.float32     35.4       1422.8   42.5%       0.33
(2048, 2048)   torch.bfloat16     23.7       1063.4   31.7%       0.67
(2048, 2048)   torch.float16     23.6       1064.9   31.8%       0.67
(4096, 2048)   torch.float32     53.5       1880.9   56.1%       0.33
(4096, 2048)   torch.bfloat16     36.4       1381.6   41.2%       0.67
(4096, 2048)   torch.float16     36.4       1384.0   41.3%       0.67
(4096, 4096)   torch.float32     90.5       2225.2   66.4%       0.33
(4096, 4096)   torch.bfloat16     54.1       1862.0   55.6%       0.67
(4096, 4096)   torch.float16     54.4       1852.1   55.3%       0.67
(8192, 1024)   torch.float32     51.9       1941.4   58.0%       0.33
(8192, 1024)   torch.bfloat16     34.4       1465.6   43.7%       0.67
(8192, 1024)   torch.float16     34.3       1466.9   43.8%       0.67
(8192, 2048)   torch.float32     90.0       2236.3   66.8%       0.33
(8192, 2048)   torch.bfloat16     53.5       1882.2   56.2%       0.67
(8192, 2048)   torch.float16     53.7       1876.6   56.0%       0.67
(8192, 4096)   torch.float32    158.2       2545.5   76.0%       0.33
(8192, 4096)   torch.bfloat16     86.7       2323.0   69.3%       0.67
(8192, 4096)   torch.float16     87.0       2314.5   69.1%       0.67
(16384, 2048)  torch.float32    158.6       2540.0   75.8%       0.33
(16384, 2048)  torch.bfloat16     86.3       2334.5   69.7%       0.67
(16384, 2048)  torch.float16     86.5       2327.6   69.5%       0.67
(32768, 2048)  torch.float32    294.3       2736.5   81.7%       0.33
(32768, 2048)  torch.bfloat16    158.2       2546.0   76.0%       0.67
(32768, 2048)  torch.float16    157.9       2550.6   76.1%       0.67
(4096, 7168)   torch.float32    203.7       1729.9   51.6%       0.33
(4096, 7168)   torch.bfloat16    145.8       1208.9   36.1%       0.67
(4096, 7168)   torch.float16    145.5       1210.7   36.1%       0.67
(8192, 7168)   torch.float32    372.4       1892.3   56.5%       0.33
(8192, 7168)   torch.bfloat16    252.4       1395.9   41.7%       0.67
(8192, 7168)   torch.float16    251.9       1399.1   41.8%       0.67
(16384, 4096)  torch.float32    293.2       2746.8   82.0%       0.33
(16384, 4096)  torch.bfloat16    159.7       2521.1   75.3%       0.67
(16384, 4096)  torch.float16    159.8       2519.6   75.2%       0.67
(16384, 7168)  torch.float32    703.3       2003.9   59.8%       0.33
(16384, 7168)  torch.bfloat16    468.4       1504.4   44.9%       0.67
(16384, 7168)  torch.float16    465.7       1513.2   45.2%       0.67

==============================================================================
RMSNORM BWD+ADD  (fused residual-add backward, mem-bound)
==============================================================================
shape          dtype       time(us)         GB/s     %BW AI(flop/B)
(128, 512)     torch.float32     21.8         48.3    1.4%       0.25
(128, 512)     torch.bfloat16     21.7         24.2    0.7%       0.50
(128, 512)     torch.float16     21.6         24.4    0.7%       0.50
(256, 512)     torch.float32     21.7         96.9    2.9%       0.25
(256, 512)     torch.bfloat16     21.8         48.2    1.4%       0.50
(256, 512)     torch.float16     21.8         48.3    1.4%       0.50
(64, 1024)     torch.float32     22.0         48.2    1.4%       0.25
(64, 1024)     torch.bfloat16     21.6         24.4    0.7%       0.50
(64, 1024)     torch.float16     21.7         24.3    0.7%       0.50
(128, 1024)    torch.float32     21.7         97.1    2.9%       0.25
(128, 1024)    torch.bfloat16     21.6         48.8    1.5%       0.50
(128, 1024)    torch.float16     21.8         48.3    1.4%       0.50
(512, 512)     torch.float32     21.7        193.6    5.8%       0.25
(512, 512)     torch.bfloat16     21.6         97.1    2.9%       0.50
(512, 512)     torch.float16     21.6         97.4    2.9%       0.50
(1024, 512)    torch.float32     21.6        388.2   11.6%       0.25
(1024, 512)    torch.bfloat16     21.7        193.6    5.8%       0.50
(1024, 512)    torch.float16     21.7        193.6    5.8%       0.50
(1024, 1024)   torch.float32     22.1        760.4   22.7%       0.25
(1024, 1024)   torch.bfloat16     21.6        388.2   11.6%       0.50
(1024, 1024)   torch.float16     22.0        382.5   11.4%       0.50
(1024, 2048)   torch.float32     24.8       1353.8   40.4%       0.25
(1024, 2048)   torch.bfloat16     22.8        737.9   22.0%       0.50
(1024, 2048)   torch.float16     22.9        733.8   21.9%       0.50
(2048, 1024)   torch.float32     22.2       1511.7   45.1%       0.25
(2048, 1024)   torch.bfloat16     22.1        760.4   22.7%       0.50
(2048, 1024)   torch.float16     22.1        759.3   22.7%       0.50
(2048, 2048)   torch.float32     41.6       1612.5   48.1%       0.25
(2048, 2048)   torch.bfloat16     25.7       1306.5   39.0%       0.50
(2048, 2048)   torch.float16     25.8       1303.2   38.9%       0.50
(4096, 2048)   torch.float32     63.7       2108.2   62.9%       0.25
(4096, 2048)   torch.bfloat16     42.1       1594.2   47.6%       0.50
(4096, 2048)   torch.float16     41.7       1610.1   48.1%       0.50
(4096, 4096)   torch.float32    106.7       2516.5   75.1%       0.25
(4096, 4096)   torch.bfloat16     64.9       2069.7   61.8%       0.50
(4096, 4096)   torch.float16     65.3       2056.5   61.4%       0.50
(8192, 1024)   torch.float32     61.7       2177.3   65.0%       0.25
(8192, 1024)   torch.bfloat16     40.6       1653.5   49.4%       0.50
(8192, 1024)   torch.float16     40.2       1670.6   49.9%       0.50
(8192, 2048)   torch.float32    107.5       2498.6   74.6%       0.25
(8192, 2048)   torch.bfloat16     64.1       2094.7   62.5%       0.50
(8192, 2048)   torch.float16     64.2       2090.5   62.4%       0.50
(8192, 4096)   torch.float32    191.9       2798.4   83.5%       0.25
(8192, 4096)   torch.bfloat16    108.3       2478.6   74.0%       0.50
(8192, 4096)   torch.float16    108.6       2472.1   73.8%       0.50
(16384, 2048)  torch.float32    193.4       2776.7   82.9%       0.25
(16384, 2048)  torch.bfloat16    107.2       2505.5   74.8%       0.50
(16384, 2048)  torch.float16    107.4       2500.3   74.6%       0.50
(32768, 2048)  torch.float32    366.7       2928.4   87.4%       0.25
(32768, 2048)  torch.bfloat16    194.5       2761.5   82.4%       0.50
(32768, 2048)  torch.float16    194.1       2766.5   82.6%       0.50
(4096, 7168)   torch.float32    351.0       1338.4   40.0%       0.25
(4096, 7168)   torch.bfloat16    182.2       1289.6   38.5%       0.50
(4096, 7168)   torch.float16    182.4       1288.0   38.4%       0.50
(8192, 7168)   torch.float32    672.7       1396.7   41.7%       0.25
(8192, 7168)   torch.bfloat16    327.4       1435.2   42.8%       0.50
(8192, 7168)   torch.float16    327.3       1435.3   42.8%       0.50
(16384, 4096)  torch.float32    365.3       2939.5   87.7%       0.25
(16384, 4096)  torch.bfloat16    194.2       2765.3   82.5%       0.50
(16384, 4096)  torch.float16    194.8       2756.7   82.3%       0.50
(16384, 7168)  torch.float32   1309.1       1435.4   42.8%       0.25
(16384, 7168)  torch.bfloat16    619.0       1517.9   45.3%       0.50
(16384, 7168)  torch.float16    617.7       1521.1   45.4%       0.50

==============================================================================
FUSED ATTENTION FWD  (compute-bound: floor = tensor-core peak)
==============================================================================
shape                  dtype       time(us)     TFLOPS    %TC         GB/s AI(flop/B)
(1, 512, 16, 128)      torch.bfloat16     43.4       49.5   5.0%        193.5      256.0
(1, 512, 16, 128)      torch.float16     43.2       49.7   5.0%        194.2      256.0
(1, 1024, 16, 128)     torch.bfloat16     48.9      175.7  17.8%        343.1      512.0
(1, 1024, 16, 128)     torch.float16     48.8      176.1  17.8%        344.0      512.0
(1, 2048, 16, 128)     torch.bfloat16     81.3      422.7  42.7%        412.8     1024.0
(1, 2048, 16, 128)     torch.float16     81.3      422.4  42.7%        412.5     1024.0
(2, 2048, 16, 128)     torch.bfloat16    113.2      607.0  61.3%        592.8     1024.0
(2, 2048, 16, 128)     torch.float16    114.1      602.4  60.9%        588.3     1024.0
(4, 2048, 16, 128)     torch.bfloat16    172.3      797.7  80.6%        779.0     1024.0
(4, 2048, 16, 128)     torch.float16    175.7      782.3  79.1%        764.0     1024.0
(8, 2048, 16, 128)     torch.bfloat16    290.6      946.0  95.6%        923.9     1024.0
(8, 2048, 16, 128)     torch.float16    297.8      923.1  93.3%        901.4     1024.0
(1, 4096, 16, 128)     torch.bfloat16    180.6      761.0  76.9%        371.6     2048.0
(1, 4096, 16, 128)     torch.float16    181.8      755.9  76.4%        369.1     2048.0
(2, 4096, 16, 128)     torch.bfloat16    289.2      950.3  96.1%        464.0     2048.0
(2, 4096, 16, 128)     torch.float16    292.2      940.7  95.1%        459.3     2048.0
(4, 1024, 32, 128)     torch.bfloat16    116.0      592.6  59.9%       1157.4      512.0
(4, 1024, 32, 128)     torch.float16    116.9      587.9  59.4%       1148.2      512.0
(8, 1024, 32, 128)     torch.bfloat16    187.2      734.1  74.2%       1433.7      512.0
(8, 1024, 32, 128)     torch.float16    189.6      724.9  73.3%       1415.8      512.0
(4, 8192, 16, 128)     torch.bfloat16   1949.9     1127.8 114.0%        275.3     4096.0
(4, 8192, 16, 128)     torch.float16   2010.9     1093.5 110.5%        267.0     4096.0
(1, 4096, 64, 192, 128) torch.bfloat16    650.6     1056.2 106.8%        515.7     2048.0
(1, 4096, 64, 192, 128) torch.float16    637.7     1077.7 108.9%        526.2     2048.0
(1, 4096, 64, 128, 128) torch.bfloat16    523.9     1049.4 106.1%        512.4     2048.0
(1, 4096, 64, 128, 128) torch.float16    533.4     1030.6 104.2%        503.2     2048.0
(1, 4096, 32, 128, 128) torch.bfloat16    297.1      925.1  93.5%        451.7     2048.0
(1, 4096, 32, 128, 128) torch.float16    290.9      944.9  95.5%        461.4     2048.0

==============================================================================
FUSED ATTENTION BWD  (compute-bound: floor = tensor-core peak)
==============================================================================
shape                  dtype       time(us)     TFLOPS    %TC         GB/s AI(flop/B)
(1, 512, 16, 128)      torch.bfloat16     65.7       65.4   6.6%        255.5      256.0
(1, 512, 16, 128)      torch.float16     65.4       65.7   6.6%        256.6      256.0
(1, 1024, 16, 128)     torch.bfloat16     92.3      186.2  18.8%        363.6      512.0
(1, 1024, 16, 128)     torch.float16     91.8      187.2  18.9%        365.6      512.0
(1, 2048, 16, 128)     torch.bfloat16    198.1      346.9  35.1%        338.8     1024.0
(1, 2048, 16, 128)     torch.float16    199.8      343.9  34.8%        335.9     1024.0
(2, 2048, 16, 128)     torch.bfloat16    304.2      451.8  45.7%        441.2     1024.0
(2, 2048, 16, 128)     torch.float16    305.4      450.0  45.5%        439.5     1024.0
(4, 2048, 16, 128)     torch.bfloat16    506.1      543.2  54.9%        530.4     1024.0
(4, 2048, 16, 128)     torch.float16    509.3      539.7  54.6%        527.1     1024.0
(8, 2048, 16, 128)     torch.bfloat16    930.0      591.1  59.7%        577.3     1024.0
(8, 2048, 16, 128)     torch.float16    937.9      586.2  59.2%        572.4     1024.0
(1, 4096, 16, 128)     torch.bfloat16    485.6      566.1  57.2%        276.4     2048.0
(1, 4096, 16, 128)     torch.float16    483.0      569.1  57.5%        277.9     2048.0
(2, 4096, 16, 128)     torch.bfloat16    870.6      631.5  63.8%        308.3     2048.0
(2, 4096, 16, 128)     torch.float16    857.2      641.3  64.8%        313.1     2048.0
(4, 1024, 32, 128)     torch.bfloat16    352.8      389.6  39.4%        760.9      512.0
(4, 1024, 32, 128)     torch.float16    352.4      390.0  39.4%        761.8      512.0
(8, 1024, 32, 128)     torch.bfloat16    626.5      438.8  44.3%        857.0      512.0
(8, 1024, 32, 128)     torch.float16    628.5      437.3  44.2%        854.2      512.0
(4, 8192, 16, 128)     torch.bfloat16   5544.2      793.3  80.2%        193.7     4096.0
(4, 8192, 16, 128)     torch.float16   5986.3      734.7  74.3%        179.4     4096.0
(1, 4096, 64, 192, 128) torch.bfloat16   2192.2      627.0  63.4%        306.1     2048.0
(1, 4096, 64, 192, 128) torch.float16   2225.1      617.7  62.4%        301.6     2048.0
(1, 4096, 64, 128, 128) torch.bfloat16   1583.1      694.5  70.2%        339.1     2048.0
(1, 4096, 64, 128, 128) torch.float16   1632.2      673.6  68.1%        328.9     2048.0
(1, 4096, 32, 128, 128) torch.bfloat16    825.0      666.4  67.3%        325.4     2048.0
(1, 4096, 32, 128, 128) torch.float16    837.3      656.5  66.4%        320.6     2048.0

==============================================================================
H100 ROOFLINE REFERENCE
==============================================================================
FP16/BF16 tensor-core peak :      989.4 TFLOPS (dense, no sparsity)
FP32 (CUDA-core FMA) peak  :       66.9 TFLOPS
HBM3 memory bandwidth      :       3.35 TB/s
Roofline ridge (FP16/BF16)     : AI =    295.3 FLOP/byte (below: mem-bound slope 3350 GB/s/FLOP/byte; above: flat 989 TFLOPS)
Roofline ridge (FP32)     : AI =     20.0 FLOP/byte (below: mem-bound slope 3350 GB/s/FLOP/byte; above: flat 67 TFLOPS)
Measured launch overhead   : ~12.0 us/call (subtract for small shapes)
Note: rmsnorm* are memory-bound (AI ~2-4 FLOP/byte, far below ridge);
      fused_attn* cross the ridge as seqlen grows -> compute-bound.

CSV written to te_perf.csv
